\BOOKMARK [0][-]{section*.1}{\376\377\000G\000e\000n\000e\000r\000a\000l\000\040\000I\000n\000t\000r\000o\000d\000u\000c\000t\000i\000o\000n}{}% 1
\BOOKMARK [0][-]{section*.2}{\376\377\000C\000h\000a\000p\000t\000e\000r\000\040\0001\000:\000\040\000P\000r\000o\000j\000e\000c\000t\000\040\000C\000o\000n\000t\000e\000x\000t\000\040\000P\000r\000e\000s\000e\000n\000t\000a\000t\000i\000o\000n}{}% 2
\BOOKMARK [1][-]{section*.3}{\376\377\000I\000.\000\040\000H\000o\000s\000t\000\040\000o\000r\000g\000a\000n\000i\000z\000a\000t\000i\000o\000n\000\040\000p\000r\000e\000s\000e\000n\000t\000a\000t\000i\000o\000n}{section*.2}% 3
\BOOKMARK [2][-]{section*.4}{\376\377\000I\000.\0001\000\040\000G\000e\000n\000e\000r\000a\000l\000\040\000p\000r\000e\000s\000e\000n\000t\000a\000t\000i\000o\000n\000\040\000o\000f\000\040\000A\000r\000a\000b\000S\000o\000f\000t}{section*.3}% 4
\BOOKMARK [2][-]{section*.6}{\376\377\000I\000.\0002\000\040\000A\000r\000a\000b\000S\000o\000f\000t\000\040\000i\000n\000\040\000T\000u\000n\000i\000s\000i\000a}{section*.3}% 5
\BOOKMARK [1][-]{section*.7}{\376\377\000I\000I\000.\000\040\000P\000r\000o\000j\000e\000c\000t\000\040\000p\000r\000e\000s\000e\000n\000t\000a\000t\000i\000o\000n}{section*.2}% 6
\BOOKMARK [2][-]{section*.8}{\376\377\000I\000I\000.\0001\000\040\000C\000u\000r\000r\000e\000n\000t\000-\000s\000t\000a\000t\000e\000\040\000s\000t\000u\000d\000y}{section*.7}% 7
\BOOKMARK [2][-]{section*.9}{\376\377\000I\000I\000.\0002\000\040\000C\000u\000r\000r\000e\000n\000t\000-\000s\000t\000a\000t\000e\000\040\000c\000r\000i\000t\000i\000q\000u\000e}{section*.7}% 8
\BOOKMARK [2][-]{section*.10}{\376\377\000I\000I\000.\0003\000\040\000P\000r\000o\000p\000o\000s\000e\000d\000\040\000s\000o\000l\000u\000t\000i\000o\000n}{section*.7}% 9
\BOOKMARK [1][-]{section*.11}{\376\377\000I\000I\000I\000.\000\040\000A\000d\000o\000p\000t\000e\000d\000\040\000m\000e\000t\000h\000o\000d\000o\000l\000o\000g\000i\000e\000s\000\040\000a\000n\000d\000\040\000f\000o\000r\000m\000a\000l\000i\000s\000m}{section*.2}% 10
\BOOKMARK [2][-]{section*.12}{\376\377\000I\000I\000I\000.\0001\000\040\000M\000o\000d\000e\000l\000i\000n\000g\000\040\000a\000n\000d\000\040\000d\000e\000s\000i\000g\000n\000\040\000m\000e\000t\000h\000o\000d\000o\000l\000o\000g\000y}{section*.11}% 11
\BOOKMARK [2][-]{section*.14}{\376\377\000I\000I\000I\000.\0002\000\040\000W\000o\000r\000k\000i\000n\000g\000\040\000m\000e\000t\000h\000o\000d\000o\000l\000o\000g\000y}{section*.11}% 12
\BOOKMARK [1][-]{section*.16}{\376\377\000I\000V\000.\000\040\000D\000e\000v\000e\000l\000o\000p\000m\000e\000n\000t\000\040\000e\000n\000v\000i\000r\000o\000n\000m\000e\000n\000t}{section*.2}% 13
\BOOKMARK [2][-]{section*.18}{\376\377\000I\000V\000.\0001\000\040\000H\000a\000r\000d\000w\000a\000r\000e\000\040\000e\000n\000v\000i\000r\000o\000n\000m\000e\000n\000t}{section*.16}% 14
\BOOKMARK [2][-]{section*.20}{\376\377\000I\000V\000.\0002\000\040\000S\000o\000f\000t\000w\000a\000r\000e\000\040\000e\000n\000v\000i\000r\000o\000n\000m\000e\000n\000t}{section*.16}% 15
\BOOKMARK [2][-]{section*.21}{\376\377\000I\000V\000.\0003\000\040\000T\000e\000c\000h\000n\000o\000l\000o\000g\000i\000e\000s\000\040\000u\000s\000e\000d}{section*.16}% 16
\BOOKMARK [1][-]{section*.22}{\376\377\000V\000.\000\040\000A\000p\000p\000l\000i\000c\000a\000t\000i\000o\000n\000\040\000a\000r\000c\000h\000i\000t\000e\000c\000t\000u\000r\000e}{section*.2}% 17
\BOOKMARK [2][-]{section*.23}{\376\377\000V\000.\0001\000\040\000G\000l\000o\000b\000a\000l\000\040\000a\000r\000c\000h\000i\000t\000e\000c\000t\000u\000r\000e}{section*.22}% 18
\BOOKMARK [2][-]{section*.24}{\376\377\000V\000.\0002\000\040\000F\000r\000o\000n\000t\000e\000n\000d\000\040\000p\000a\000r\000t\000:\000\040\000M\000V\000V\000M\000\040\000a\000r\000c\000h\000i\000t\000e\000c\000t\000u\000r\000e\000\040\000w\000i\000t\000h\000\040\000R\000e\000a\000c\000t}{section*.22}% 19
\BOOKMARK [2][-]{section*.26}{\376\377\000V\000.\0003\000\040\000B\000a\000c\000k\000e\000n\000d\000\040\000p\000a\000r\000t\000:\000\040\000l\000a\000y\000e\000r\000e\000d\000\040\000a\000r\000c\000h\000i\000t\000e\000c\000t\000u\000r\000e\000\040\000w\000i\000t\000h\000\040\000S\000p\000r\000i\000n\000g\000\040\000B\000o\000o\000t}{section*.22}% 20
\BOOKMARK [2][-]{section*.28}{\376\377\000V\000.\0004\000\040\000W\000h\000y\000\040\000t\000h\000e\000s\000e\000\040\000a\000r\000c\000h\000i\000t\000e\000c\000t\000u\000r\000e\000s\000?}{section*.22}% 21
\BOOKMARK [2][-]{section*.29}{\376\377\000V\000.\0005\000\040\000G\000l\000o\000b\000a\000l\000\040\000a\000r\000c\000h\000i\000t\000e\000c\000t\000u\000r\000e\000\040\000i\000l\000l\000u\000s\000t\000r\000a\000t\000i\000o\000n}{section*.22}% 22
\BOOKMARK [1][-]{section*.31}{\376\377\000C\000o\000n\000c\000l\000u\000s\000i\000o\000n}{section*.2}% 23
\BOOKMARK [0][-]{section*.32}{\376\377\000C\000h\000a\000p\000t\000e\000r\000\040\0002\000:\000\040\000P\000r\000o\000d\000u\000c\000t\000\040\000B\000a\000c\000k\000l\000o\000g\000\040\000P\000l\000a\000n\000n\000i\000n\000g}{}% 24
\BOOKMARK [1][-]{section*.33}{\376\377\000I\000n\000t\000r\000o\000d\000u\000c\000t\000i\000o\000n}{section*.32}% 25
\BOOKMARK [1][-]{section*.34}{\376\377\000I\000.\000\040\000A\000c\000t\000o\000r\000\040\000I\000d\000e\000n\000t\000i\000f\000i\000c\000a\000t\000i\000o\000n}{section*.32}% 26
\BOOKMARK [2][-]{section*.35}{\376\377\000I\000.\0001\000\040\000E\000m\000p\000l\000o\000y\000e\000e}{section*.34}% 27
\BOOKMARK [2][-]{section*.36}{\376\377\000I\000.\0002\000\040\000T\000e\000a\000m\000\040\000L\000e\000a\000d\000e\000r}{section*.34}% 28
\BOOKMARK [2][-]{section*.37}{\376\377\000I\000.\0003\000\040\000H\000R\000\040\000M\000a\000n\000a\000g\000e\000r}{section*.34}% 29
\BOOKMARK [2][-]{section*.38}{\376\377\000I\000.\0004\000\040\000N\000e\000w\000\040\000U\000s\000e\000r}{section*.34}% 30
\BOOKMARK [1][-]{section*.39}{\376\377\000I\000I\000.\000\040\000F\000u\000n\000c\000t\000i\000o\000n\000a\000l\000\040\000R\000e\000q\000u\000i\000r\000e\000m\000e\000n\000t\000s}{section*.32}% 31
\BOOKMARK [2][-]{section*.40}{\376\377\000I\000I\000.\0001\000\040\000A\000u\000t\000h\000e\000n\000t\000i\000c\000a\000t\000i\000o\000n\000\040\000a\000n\000d\000\040\000a\000c\000c\000e\000s\000s\000\040\000m\000a\000n\000a\000g\000e\000m\000e\000n\000t}{section*.39}% 32
\BOOKMARK [2][-]{section*.41}{\376\377\000I\000I\000.\0002\000\040\000A\000d\000m\000i\000n\000i\000s\000t\000r\000a\000t\000i\000v\000e\000\040\000r\000e\000q\000u\000e\000s\000t\000\040\000m\000a\000n\000a\000g\000e\000m\000e\000n\000t}{section*.39}% 33
\BOOKMARK [2][-]{section*.42}{\376\377\000I\000I\000.\0003\000\040\000T\000e\000a\000m\000\040\000a\000n\000d\000\040\000e\000m\000p\000l\000o\000y\000e\000e\000\040\000m\000a\000n\000a\000g\000e\000m\000e\000n\000t}{section*.39}% 34
\BOOKMARK [2][-]{section*.43}{\376\377\000I\000I\000.\0004\000\040\000P\000r\000o\000j\000e\000c\000t\000\040\000a\000n\000d\000\040\000t\000a\000s\000k\000\040\000m\000a\000n\000a\000g\000e\000m\000e\000n\000t}{section*.39}% 35
\BOOKMARK [2][-]{section*.44}{\376\377\000I\000I\000.\0005\000\040\000N\000o\000t\000i\000f\000i\000c\000a\000t\000i\000o\000n\000\040\000a\000n\000d\000\040\000r\000e\000p\000o\000r\000t\000i\000n\000g}{section*.39}% 36
\BOOKMARK [2][-]{section*.45}{\376\377\000I\000I\000.\0006\000\040\000A\000I\000\040\000a\000s\000s\000i\000s\000t\000a\000n\000c\000e\000\040\000a\000n\000d\000\040\000d\000e\000c\000i\000s\000i\000o\000n\000\040\000s\000u\000p\000p\000o\000r\000t}{section*.39}% 37
\BOOKMARK [1][-]{section*.46}{\376\377\000I\000I\000I\000.\000\040\000N\000o\000n\000-\000F\000u\000n\000c\000t\000i\000o\000n\000a\000l\000\040\000R\000e\000q\000u\000i\000r\000e\000m\000e\000n\000t\000s}{section*.32}% 38
\BOOKMARK [2][-]{section*.47}{\376\377\000I\000I\000I\000.\0001\000\040\000S\000e\000c\000u\000r\000i\000t\000y}{section*.46}% 39
\BOOKMARK [2][-]{section*.48}{\376\377\000I\000I\000I\000.\0002\000\040\000P\000e\000r\000f\000o\000r\000m\000a\000n\000c\000e}{section*.46}% 40
\BOOKMARK [2][-]{section*.49}{\376\377\000I\000I\000I\000.\0003\000\040\000U\000s\000a\000b\000i\000l\000i\000t\000y}{section*.46}% 41
\BOOKMARK [2][-]{section*.50}{\376\377\000I\000I\000I\000.\0004\000\040\000M\000a\000i\000n\000t\000a\000i\000n\000a\000b\000i\000l\000i\000t\000y}{section*.46}% 42
\BOOKMARK [2][-]{section*.51}{\376\377\000I\000I\000I\000.\0005\000\040\000S\000c\000a\000l\000a\000b\000i\000l\000i\000t\000y}{section*.46}% 43
\BOOKMARK [1][-]{section*.52}{\376\377\000I\000V\000.\000\040\000U\000s\000e\000r\000\040\000S\000t\000o\000r\000i\000e\000s}{section*.32}% 44
\BOOKMARK [2][-]{section*.53}{\376\377\000I\000V\000.\0001\000\040\000E\000m\000p\000l\000o\000y\000e\000e\000\040\000U\000s\000e\000r\000\040\000S\000t\000o\000r\000i\000e\000s}{section*.52}% 45
\BOOKMARK [2][-]{section*.54}{\376\377\000I\000V\000.\0002\000\040\000T\000e\000a\000m\000\040\000L\000e\000a\000d\000e\000r\000\040\000U\000s\000e\000r\000\040\000S\000t\000o\000r\000i\000e\000s}{section*.52}% 46
\BOOKMARK [2][-]{section*.55}{\376\377\000I\000V\000.\0003\000\040\000H\000R\000\040\000M\000a\000n\000a\000g\000e\000r\000\040\000U\000s\000e\000r\000\040\000S\000t\000o\000r\000i\000e\000s}{section*.52}% 47
\BOOKMARK [1][-]{section*.56}{\376\377\000V\000.\000\040\000P\000r\000o\000d\000u\000c\000t\000\040\000B\000a\000c\000k\000l\000o\000g}{section*.32}% 48
\BOOKMARK [1][-]{section*.57}{\376\377\000V\000I\000.\000\040\000R\000e\000l\000e\000a\000s\000e\000\040\000O\000r\000g\000a\000n\000i\000z\000a\000t\000i\000o\000n}{section*.32}% 49
\BOOKMARK [1][-]{section*.59}{\376\377\000C\000o\000n\000c\000l\000u\000s\000i\000o\000n}{section*.32}% 50
\BOOKMARK [0][-]{section*.60}{\376\377\000C\000h\000a\000p\000t\000e\000r\000\040\0003\000:\000\040\000R\000e\000l\000e\000a\000s\000e\000\040\0001\000\040\000-\000\040\000F\000o\000u\000n\000d\000a\000t\000i\000o\000n\000s}{}% 51
\BOOKMARK [1][-]{section*.61}{\376\377\000I\000n\000t\000r\000o\000d\000u\000c\000t\000i\000o\000n}{section*.60}% 52
\BOOKMARK [1][-]{section*.62}{\376\377\000I\000.\000\040\000R\000e\000l\000e\000a\000s\000e\000\040\000O\000r\000g\000a\000n\000i\000z\000a\000t\000i\000o\000n}{section*.60}% 53
\BOOKMARK [1][-]{section*.64}{\376\377\000I\000I\000.\000\040\000S\000p\000r\000i\000n\000t\000\040\0001\000:\000\040\000A\000c\000c\000e\000s\000s\000\040\000a\000n\000d\000\040\000A\000c\000c\000o\000u\000n\000t\000\040\000M\000a\000n\000a\000g\000e\000m\000e\000n\000t}{section*.60}% 54
\BOOKMARK [2][-]{section*.65}{\376\377\000I\000I\000.\0001\000\040\000S\000p\000r\000i\000n\000t\000\040\000G\000o\000a\000l}{section*.64}% 55
\BOOKMARK [2][-]{section*.66}{\376\377\000I\000I\000.\0002\000\040\000V\000i\000s\000u\000a\000l\000\040\000S\000p\000r\000i\000n\000t\000\040\000J\000o\000u\000r\000n\000a\000l}{section*.64}% 56
\BOOKMARK [2][-]{section*.69}{\376\377\000I\000I\000.\0003\000\040\000S\000p\000r\000i\000n\000t\000\040\000B\000a\000c\000k\000l\000o\000g}{section*.64}% 57
\BOOKMARK [2][-]{section*.71}{\376\377\000I\000I\000.\0004\000\040\000S\000p\000r\000i\000n\000t\000\040\000I\000m\000p\000l\000e\000m\000e\000n\000t\000a\000t\000i\000o\000n}{section*.64}% 58
\BOOKMARK [2][-]{section*.107}{\376\377\000I\000I\000.\0005\000\040\000S\000p\000r\000i\000n\000t\000\040\000R\000e\000v\000i\000e\000w}{section*.64}% 59
\BOOKMARK [2][-]{section*.108}{\376\377\000I\000I\000.\0006\000\040\000S\000p\000r\000i\000n\000t\000\040\000R\000e\000t\000r\000o\000s\000p\000e\000c\000t\000i\000v\000e}{section*.64}% 60
\BOOKMARK [1][-]{section*.110}{\376\377\000I\000I\000I\000.\000\040\000S\000p\000r\000i\000n\000t\000\040\0002\000:\000\040\000L\000e\000a\000v\000e\000\040\000M\000a\000n\000a\000g\000e\000m\000e\000n\000t}{section*.60}% 61
\BOOKMARK [2][-]{section*.111}{\376\377\000I\000I\000I\000.\0001\000\040\000S\000p\000r\000i\000n\000t\000\040\000G\000o\000a\000l}{section*.110}% 62
\BOOKMARK [2][-]{section*.112}{\376\377\000I\000I\000I\000.\0002\000\040\000V\000i\000s\000u\000a\000l\000\040\000S\000p\000r\000i\000n\000t\000\040\000J\000o\000u\000r\000n\000a\000l}{section*.110}% 63
\BOOKMARK [2][-]{section*.115}{\376\377\000I\000I\000I\000.\0003\000\040\000S\000p\000r\000i\000n\000t\000\040\000B\000a\000c\000k\000l\000o\000g}{section*.110}% 64
\BOOKMARK [2][-]{section*.117}{\376\377\000I\000I\000I\000.\0004\000\040\000S\000p\000r\000i\000n\000t\000\040\000I\000m\000p\000l\000e\000m\000e\000n\000t\000a\000t\000i\000o\000n}{section*.110}% 65
\BOOKMARK [2][-]{section*.142}{\376\377\000I\000I\000I\000.\0005\000\040\000S\000p\000r\000i\000n\000t\000\040\000R\000e\000v\000i\000e\000w}{section*.110}% 66
\BOOKMARK [2][-]{section*.143}{\376\377\000I\000I\000I\000.\0006\000\040\000S\000p\000r\000i\000n\000t\000\040\000R\000e\000t\000r\000o\000s\000p\000e\000c\000t\000i\000v\000e}{section*.110}% 67
\BOOKMARK [1][-]{section*.145}{\376\377\000C\000o\000n\000c\000l\000u\000s\000i\000o\000n}{section*.60}% 68
\BOOKMARK [0][-]{section*.146}{\376\377\000C\000h\000a\000p\000t\000e\000r\000\040\0004\000:\000\040\000R\000e\000l\000e\000a\000s\000e\000\040\0002\000\040\000-\000\040\000W\000o\000r\000k\000f\000l\000o\000w\000\040\000M\000a\000n\000a\000g\000e\000m\000e\000n\000t}{}% 69
\BOOKMARK [1][-]{section*.147}{\376\377\000I\000n\000t\000r\000o\000d\000u\000c\000t\000i\000o\000n}{section*.146}% 70
\BOOKMARK [1][-]{section*.148}{\376\377\000I\000.\000\040\000R\000e\000l\000e\000a\000s\000e\000\040\000O\000r\000g\000a\000n\000i\000z\000a\000t\000i\000o\000n}{section*.146}% 71
\BOOKMARK [1][-]{section*.150}{\376\377\000I\000I\000.\000\040\000S\000p\000r\000i\000n\000t\000\040\0003\000:\000\040\000A\000d\000m\000i\000n\000i\000s\000t\000r\000a\000t\000i\000v\000e\000\040\000R\000e\000q\000u\000e\000s\000t\000s}{section*.146}% 72
\BOOKMARK [2][-]{section*.151}{\376\377\000I\000I\000.\0001\000\040\000S\000p\000r\000i\000n\000t\000\040\000G\000o\000a\000l}{section*.150}% 73
\BOOKMARK [2][-]{section*.152}{\376\377\000I\000I\000.\0002\000\040\000V\000i\000s\000u\000a\000l\000\040\000S\000p\000r\000i\000n\000t\000\040\000J\000o\000u\000r\000n\000a\000l}{section*.150}% 74
\BOOKMARK [2][-]{section*.155}{\376\377\000I\000I\000.\0003\000\040\000S\000p\000r\000i\000n\000t\000\040\000B\000a\000c\000k\000l\000o\000g}{section*.150}% 75
\BOOKMARK [2][-]{section*.157}{\376\377\000I\000I\000.\0004\000\040\000S\000p\000r\000i\000n\000t\000\040\000I\000m\000p\000l\000e\000m\000e\000n\000t\000a\000t\000i\000o\000n}{section*.150}% 76
\BOOKMARK [2][-]{section*.194}{\376\377\000I\000I\000.\0005\000\040\000S\000p\000r\000i\000n\000t\000\040\000R\000e\000v\000i\000e\000w}{section*.150}% 77
\BOOKMARK [2][-]{section*.195}{\376\377\000I\000I\000.\0006\000\040\000S\000p\000r\000i\000n\000t\000\040\000R\000e\000t\000r\000o\000s\000p\000e\000c\000t\000i\000v\000e}{section*.150}% 78
\BOOKMARK [1][-]{section*.197}{\376\377\000I\000I\000I\000.\000\040\000S\000p\000r\000i\000n\000t\000\040\0004\000:\000\040\000H\000R\000\040\000M\000a\000n\000a\000g\000e\000m\000e\000n\000t\000\040\000a\000n\000d\000\040\000C\000a\000l\000e\000n\000d\000a\000r}{section*.146}% 79
\BOOKMARK [2][-]{section*.198}{\376\377\000I\000I\000I\000.\0001\000\040\000S\000p\000r\000i\000n\000t\000\040\000G\000o\000a\000l}{section*.197}% 80
\BOOKMARK [2][-]{section*.199}{\376\377\000I\000I\000I\000.\0002\000\040\000V\000i\000s\000u\000a\000l\000\040\000S\000p\000r\000i\000n\000t\000\040\000J\000o\000u\000r\000n\000a\000l}{section*.197}% 81
\BOOKMARK [2][-]{section*.202}{\376\377\000I\000I\000I\000.\0003\000\040\000S\000p\000r\000i\000n\000t\000\040\000B\000a\000c\000k\000l\000o\000g}{section*.197}% 82
\BOOKMARK [2][-]{section*.204}{\376\377\000I\000I\000I\000.\0004\000\040\000S\000p\000r\000i\000n\000t\000\040\000I\000m\000p\000l\000e\000m\000e\000n\000t\000a\000t\000i\000o\000n}{section*.197}% 83
\BOOKMARK [2][-]{section*.236}{\376\377\000I\000I\000I\000.\0005\000\040\000S\000p\000r\000i\000n\000t\000\040\000R\000e\000v\000i\000e\000w}{section*.197}% 84
\BOOKMARK [2][-]{section*.237}{\376\377\000I\000I\000I\000.\0006\000\040\000S\000p\000r\000i\000n\000t\000\040\000R\000e\000t\000r\000o\000s\000p\000e\000c\000t\000i\000v\000e}{section*.197}% 85
\BOOKMARK [1][-]{section*.239}{\376\377\000C\000o\000n\000c\000l\000u\000s\000i\000o\000n}{section*.146}% 86
\BOOKMARK [0][-]{section*.240}{\376\377\000C\000h\000a\000p\000t\000e\000r\000\040\0005\000:\000\040\000R\000e\000l\000e\000a\000s\000e\000\040\0003\000\040\000-\000\040\000A\000d\000v\000a\000n\000c\000e\000d\000\040\000S\000u\000p\000p\000o\000r\000t\000\040\000a\000n\000d\000\040\000I\000n\000t\000e\000l\000l\000i\000g\000e\000n\000c\000e}{}% 87
\BOOKMARK [1][-]{section*.241}{\376\377\000I\000n\000t\000r\000o\000d\000u\000c\000t\000i\000o\000n}{section*.240}% 88
\BOOKMARK [1][-]{section*.242}{\376\377\000I\000.\000\040\000R\000e\000l\000e\000a\000s\000e\000\040\000O\000r\000g\000a\000n\000i\000z\000a\000t\000i\000o\000n}{section*.240}% 89
\BOOKMARK [1][-]{section*.243}{\376\377\000I\000I\000.\000\040\000S\000p\000r\000i\000n\000t\000\040\0005\000:\000\040\000P\000r\000o\000j\000e\000c\000t\000s\000,\000\040\000T\000a\000s\000k\000s\000\040\000a\000n\000d\000\040\000R\000e\000p\000o\000r\000t\000s}{section*.240}% 90
\BOOKMARK [2][-]{section*.244}{\376\377\000I\000I\000.\0001\000\040\000S\000p\000r\000i\000n\000t\000\040\000G\000o\000a\000l}{section*.243}% 91
\BOOKMARK [2][-]{section*.245}{\376\377\000I\000I\000.\0002\000\040\000V\000i\000s\000u\000a\000l\000\040\000S\000p\000r\000i\000n\000t\000\040\000J\000o\000u\000r\000n\000a\000l}{section*.243}% 92
\BOOKMARK [2][-]{section*.248}{\376\377\000I\000I\000.\0003\000\040\000S\000p\000r\000i\000n\000t\000\040\000B\000a\000c\000k\000l\000o\000g}{section*.243}% 93
\BOOKMARK [2][-]{section*.251}{\376\377\000I\000I\000.\0004\000\040\000S\000p\000r\000i\000n\000t\000\040\000I\000m\000p\000l\000e\000m\000e\000n\000t\000a\000t\000i\000o\000n}{section*.243}% 94
\BOOKMARK [2][-]{section*.272}{\376\377\000I\000I\000.\0005\000\040\000S\000p\000r\000i\000n\000t\000\040\000R\000e\000v\000i\000e\000w}{section*.243}% 95
\BOOKMARK [2][-]{section*.273}{\376\377\000I\000I\000.\0006\000\040\000S\000p\000r\000i\000n\000t\000\040\000R\000e\000t\000r\000o\000s\000p\000e\000c\000t\000i\000v\000e}{section*.243}% 96
\BOOKMARK [1][-]{section*.275}{\376\377\000I\000I\000I\000.\000\040\000S\000p\000r\000i\000n\000t\000\040\0006\000:\000\040\000A\000I\000\040\000A\000s\000s\000i\000s\000t\000a\000n\000t\000,\000\040\000L\000o\000c\000a\000l\000\040\000D\000e\000p\000l\000o\000y\000m\000e\000n\000t\000,\000\040\000a\000n\000d\000\040\000S\000t\000a\000b\000i\000l\000i\000z\000a\000t\000i\000o\000n}{section*.240}% 97
\BOOKMARK [2][-]{section*.276}{\376\377\000I\000I\000I\000.\0001\000\040\000S\000p\000r\000i\000n\000t\000\040\000G\000o\000a\000l}{section*.275}% 98
\BOOKMARK [2][-]{section*.277}{\376\377\000I\000I\000I\000.\0002\000\040\000V\000i\000s\000u\000a\000l\000\040\000S\000p\000r\000i\000n\000t\000\040\000J\000o\000u\000r\000n\000a\000l}{section*.275}% 99
\BOOKMARK [2][-]{section*.278}{\376\377\000I\000I\000I\000.\0003\000\040\000S\000p\000r\000i\000n\000t\000\040\000B\000a\000c\000k\000l\000o\000g}{section*.275}% 100
\BOOKMARK [2][-]{section*.281}{\376\377\000I\000I\000I\000.\0004\000\040\000R\000e\000q\000u\000i\000r\000e\000m\000e\000n\000t\000s\000\040\000A\000n\000a\000l\000y\000s\000i\000s}{section*.275}% 101
\BOOKMARK [2][-]{section*.295}{\376\377\000I\000I\000I\000.\0005\000\040\000S\000p\000r\000i\000n\000t\000\040\000R\000e\000v\000i\000e\000w}{section*.275}% 102
\BOOKMARK [2][-]{section*.296}{\376\377\000I\000I\000I\000.\0006\000\040\000S\000p\000r\000i\000n\000t\000\040\000R\000e\000t\000r\000o\000s\000p\000e\000c\000t\000i\000v\000e}{section*.275}% 103
\BOOKMARK [0][-]{section*.298}{\376\377\000G\000e\000n\000e\000r\000a\000l\000\040\000C\000o\000n\000c\000l\000u\000s\000i\000o\000n}{}% 104
\BOOKMARK [0][-]{section*.299}{\376\377\000B\000i\000b\000l\000i\000o\000g\000r\000a\000p\000h\000i\000e\000\040\000e\000t\000\040\000N\000\351\000t\000o\000g\000r\000a\000p\000h\000i\000e}{}% 105
